// Jest Snapshot v1, https://goo.gl/fbAQLP

exports[`createTimeTableSheet happy path without flags calls reconciliateFn with the full generated timetable 1`] = `
Array [
  Object {
    "dia": "01-Mar",
    "hora": "17:00",
    "miembro": "jeff",
  },
  Object {
    "dia": "01-Mar",
    "hora": "17:00",
    "miembro": "ben",
  },
  Object {
    "dia": "01-Mar",
    "hora": "17:00",
    "miembro": "alex",
  },
  Object {
    "dia": "02-Mié",
    "hora": "17:00",
    "miembro": "jeff",
  },
  Object {
    "dia": "02-Mié",
    "hora": "17:00",
    "miembro": "ben",
  },
  Object {
    "dia": "02-Mié",
    "hora": "17:00",
    "miembro": "alex",
  },
  Object {
    "dia": "03-Jue",
    "hora": "17:00",
    "miembro": "jeff",
  },
  Object {
    "dia": "03-Jue",
    "hora": "17:00",
    "miembro": "ben",
  },
  Object {
    "dia": "03-Jue",
    "hora": "17:00",
    "miembro": "alex",
  },
  Object {
    "dia": "04-Vie",
    "hora": "17:00",
    "miembro": "jeff",
  },
  Object {
    "dia": "04-Vie",
    "hora": "17:00",
    "miembro": "ben",
  },
  Object {
    "dia": "04-Vie",
    "hora": "17:00",
    "miembro": "alex",
  },
  Object {
    "dia": "05-Sáb",
    "hora": "17:00",
    "miembro": "jeff",
  },
  Object {
    "dia": "05-Sáb",
    "hora": "17:00",
    "miembro": "ben",
  },
  Object {
    "dia": "05-Sáb",
    "hora": "17:00",
    "miembro": "alex",
  },
  Object {
    "dia": "07-Lun",
    "hora": "17:00",
    "miembro": "jeff",
  },
  Object {
    "dia": "07-Lun",
    "hora": "17:00",
    "miembro": "ben",
  },
  Object {
    "dia": "07-Lun",
    "hora": "17:00",
    "miembro": "alex",
  },
  Object {
    "dia": "08-Mar",
    "hora": "17:00",
    "miembro": "jeff",
  },
  Object {
    "dia": "08-Mar",
    "hora": "17:00",
    "miembro": "ben",
  },
  Object {
    "dia": "08-Mar",
    "hora": "17:00",
    "miembro": "alex",
  },
  Object {
    "dia": "09-Mié",
    "hora": "17:00",
    "miembro": "jeff",
  },
  Object {
    "dia": "09-Mié",
    "hora": "17:00",
    "miembro": "ben",
  },
  Object {
    "dia": "09-Mié",
    "hora": "17:00",
    "miembro": "alex",
  },
  Object {
    "dia": "10-Jue",
    "hora": "17:00",
    "miembro": "jeff",
  },
  Object {
    "dia": "10-Jue",
    "hora": "17:00",
    "miembro": "ben",
  },
  Object {
    "dia": "10-Jue",
    "hora": "17:00",
    "miembro": "alex",
  },
  Object {
    "dia": "11-Vie",
    "hora": "17:00",
    "miembro": "jeff",
  },
  Object {
    "dia": "11-Vie",
    "hora": "17:00",
    "miembro": "ben",
  },
  Object {
    "dia": "11-Vie",
    "hora": "17:00",
    "miembro": "alex",
  },
  Object {
    "dia": "12-Sáb",
    "hora": "17:00",
    "miembro": "jeff",
  },
  Object {
    "dia": "12-Sáb",
    "hora": "17:00",
    "miembro": "ben",
  },
  Object {
    "dia": "12-Sáb",
    "hora": "17:00",
    "miembro": "alex",
  },
  Object {
    "dia": "14-Lun",
    "hora": "17:00",
    "miembro": "jeff",
  },
  Object {
    "dia": "14-Lun",
    "hora": "17:00",
    "miembro": "ben",
  },
  Object {
    "dia": "14-Lun",
    "hora": "17:00",
    "miembro": "alex",
  },
  Object {
    "dia": "15-Mar",
    "hora": "17:00",
    "miembro": "jeff",
  },
  Object {
    "dia": "15-Mar",
    "hora": "17:00",
    "miembro": "ben",
  },
  Object {
    "dia": "15-Mar",
    "hora": "17:00",
    "miembro": "alex",
  },
  Object {
    "dia": "16-Mié",
    "hora": "17:00",
    "miembro": "jeff",
  },
  Object {
    "dia": "16-Mié",
    "hora": "17:00",
    "miembro": "ben",
  },
  Object {
    "dia": "16-Mié",
    "hora": "17:00",
    "miembro": "alex",
  },
  Object {
    "dia": "17-Jue",
    "hora": "17:00",
    "miembro": "jeff",
  },
  Object {
    "dia": "17-Jue",
    "hora": "17:00",
    "miembro": "ben",
  },
  Object {
    "dia": "17-Jue",
    "hora": "17:00",
    "miembro": "alex",
  },
  Object {
    "dia": "18-Vie",
    "hora": "17:00",
    "miembro": "jeff",
  },
  Object {
    "dia": "18-Vie",
    "hora": "17:00",
    "miembro": "ben",
  },
  Object {
    "dia": "18-Vie",
    "hora": "17:00",
    "miembro": "alex",
  },
  Object {
    "dia": "19-Sáb",
    "hora": "17:00",
    "miembro": "jeff",
  },
  Object {
    "dia": "19-Sáb",
    "hora": "17:00",
    "miembro": "ben",
  },
  Object {
    "dia": "19-Sáb",
    "hora": "17:00",
    "miembro": "alex",
  },
  Object {
    "dia": "21-Lun",
    "hora": "17:00",
    "miembro": "jeff",
  },
  Object {
    "dia": "21-Lun",
    "hora": "17:00",
    "miembro": "ben",
  },
  Object {
    "dia": "21-Lun",
    "hora": "17:00",
    "miembro": "alex",
  },
  Object {
    "dia": "22-Mar",
    "hora": "17:00",
    "miembro": "jeff",
  },
  Object {
    "dia": "22-Mar",
    "hora": "17:00",
    "miembro": "ben",
  },
  Object {
    "dia": "22-Mar",
    "hora": "17:00",
    "miembro": "alex",
  },
  Object {
    "dia": "23-Mié",
    "hora": "17:00",
    "miembro": "jeff",
  },
  Object {
    "dia": "23-Mié",
    "hora": "17:00",
    "miembro": "ben",
  },
  Object {
    "dia": "23-Mié",
    "hora": "17:00",
    "miembro": "alex",
  },
  Object {
    "dia": "24-Jue",
    "hora": "17:00",
    "miembro": "jeff",
  },
  Object {
    "dia": "24-Jue",
    "hora": "17:00",
    "miembro": "ben",
  },
  Object {
    "dia": "24-Jue",
    "hora": "17:00",
    "miembro": "alex",
  },
  Object {
    "dia": "25-Vie",
    "hora": "17:00",
    "miembro": "jeff",
  },
  Object {
    "dia": "25-Vie",
    "hora": "17:00",
    "miembro": "ben",
  },
  Object {
    "dia": "25-Vie",
    "hora": "17:00",
    "miembro": "alex",
  },
  Object {
    "dia": "26-Sáb",
    "hora": "17:00",
    "miembro": "jeff",
  },
  Object {
    "dia": "26-Sáb",
    "hora": "17:00",
    "miembro": "ben",
  },
  Object {
    "dia": "26-Sáb",
    "hora": "17:00",
    "miembro": "alex",
  },
  Object {
    "dia": "28-Lun",
    "hora": "17:00",
    "miembro": "jeff",
  },
  Object {
    "dia": "28-Lun",
    "hora": "17:00",
    "miembro": "ben",
  },
  Object {
    "dia": "28-Lun",
    "hora": "17:00",
    "miembro": "alex",
  },
  Object {
    "dia": "29-Mar",
    "hora": "17:00",
    "miembro": "jeff",
  },
  Object {
    "dia": "29-Mar",
    "hora": "17:00",
    "miembro": "ben",
  },
  Object {
    "dia": "29-Mar",
    "hora": "17:00",
    "miembro": "alex",
  },
  Object {
    "dia": "30-Mié",
    "hora": "17:00",
    "miembro": "jeff",
  },
  Object {
    "dia": "30-Mié",
    "hora": "17:00",
    "miembro": "ben",
  },
  Object {
    "dia": "30-Mié",
    "hora": "17:00",
    "miembro": "alex",
  },
  Object {
    "dia": "31-Jue",
    "hora": "17:00",
    "miembro": "jeff",
  },
  Object {
    "dia": "31-Jue",
    "hora": "17:00",
    "miembro": "ben",
  },
  Object {
    "dia": "31-Jue",
    "hora": "17:00",
    "miembro": "alex",
  },
]
`;
